// Jest Snapshot v1, https://goo.gl/fbAQLP

exports[`ContentLoader should render without throwing an error 1`] = `
<svg
  aria-labelledby="4xzt6o-aria"
  id={null}
  role="img"
  style={
    Object {
      "height": "100%",
      "width": "100%",
    }
  }
  viewBox="0 0 100 100"
>
  <title
    id="4xzt6o-aria"
  >
    Loading...
  </title>
  <rect
    clipPath="url(#4xzt6o-diff)"
    height="100%"
    role="presentation"
    style={
      Object {
        "fill": "url(#4xzt6o-animated-diff)",
      }
    }
    width="100%"
    x="0"
    y="0"
  />
  <defs>
    <clipPath
      id="4xzt6o-diff"
    >
      <rect
        height="5"
        rx="1"
        ry="1"
        width="100"
        x="0"
        y="5"
      />
      <rect
        height="5"
        rx="1"
        ry="1"
        width="100"
        x="0"
        y="13"
      />
      <rect
        height="5"
        rx="1"
        ry="1"
        width="100"
        x="0"
        y="21"
      />
      <rect
        height="5"
        rx="1"
        ry="1"
        width="100"
        x="0"
        y="29"
      />
      <rect
        height="5"
        rx="1"
        ry="1"
        width="100"
        x="0"
        y="37"
      />
      <rect
        height="5"
        rx="1"
        ry="1"
        width="100"
        x="0"
        y="45"
      />
      <rect
        height="5"
        rx="1"
        ry="1"
        width="100"
        x="0"
        y="53"
      />
      <rect
        height="5"
        rx="1"
        ry="1"
        width="100"
        x="0"
        y="61"
      />
      <rect
        height="5"
        rx="1"
        ry="1"
        width="100"
        x="0"
        y="69"
      />
      <rect
        height="5"
        rx="1"
        ry="1"
        width="100"
        x="0"
        y="77"
      />
      <rect
        height="5"
        rx="1"
        ry="1"
        width="100"
        x="50"
        y="86"
      />
    </clipPath>
    <linearGradient
      id="4xzt6o-animated-diff"
    >
      <stop
        offset="0%"
        stopColor="#f5f6f7"
        stopOpacity={1}
      >
        <animate
          attributeName="offset"
          dur="1.2s"
          keyTimes="0; 0.25; 1"
          repeatCount="indefinite"
          values="-2; -2; 1"
        />
      </stop>
      <stop
        offset="50%"
        stopColor="#eee"
        stopOpacity={1}
      >
        <animate
          attributeName="offset"
          dur="1.2s"
          keyTimes="0; 0.25; 1"
          repeatCount="indefinite"
          values="-1; -1; 2"
        />
      </stop>
      <stop
        offset="100%"
        stopColor="#f5f6f7"
        stopOpacity={1}
      >
        <animate
          attributeName="offset"
          dur="1.2s"
          keyTimes="0; 0.25; 1"
          repeatCount="indefinite"
          values="0; 0; 3"
        />
      </stop>
    </linearGradient>
  </defs>
</svg>
`;
